[32mApproved[0m

  [1mName:[0m       "Ana Lopez" (typed by them, not checked)
  [1mDevice ID:[0m  abcd-efgh-2345-mnop
  [1mApproved:[0m   2026-03-02 (just now)

This person can now open qhtpthw4qt7wkw7khghr6x3z4hsfyn4zbuyhnee4i6bi67yu6yytgvwdbb4q. To take the access away, run:

  qurl grants qhtpthw4qt7wkw7khghr6x3z4hsfyn4zbuyhnee4i6bi67yu6yytgvwdbb4q --remove abcd-efgh-2345-mnop
