Serve a local app through the qURL platform.

Your app keeps listening on localhost; this command connects outward and
serves it under your Connector's route name (the slug). The platform
verifies each caller and grants access per caller — your machine never
opens a listening port to the internet.

The first start enrolls this machine and needs a one-time enrollment
token: set QURL_CONNECTOR_TOKEN, or point QURL_CONNECTOR_TOKEN_FILE at a
file holding it. The token is used once and never stored; later starts
reuse the identity saved in the state directory. There is deliberately no
token flag — command-line arguments leak into shell history and process
lists.

If the platform stops answering for long enough, the Connector exits and
the next start may need an assignment refresh; --refresh-mode controls
that self-healing (manual asks you to approve the refresh, auto approves
it once, disabled never refreshes).

Stop with Ctrl-C or SIGTERM; teardown gets a short grace period.

Usage:
  qurl connector run [flags]

Examples:
  qurl connector run --slug billing --target :8080
  QURL_CONNECTOR_TOKEN_FILE=/run/secrets/qurl-token qurl connector run --slug billing --target 127.0.0.1:3000

Flags:
  -h, --help                  help for run
      --refresh-mode string   whether the Connector may refresh its platform assignment after sustained failures: manual, auto, or disabled (default manual)
      --slug string           which Connector to run: its route name in qURL (or set connector_slug in your profile)
      --state-dir string      directory holding this Connector's identity (default: your user state directory)
      --target string         local app to serve, as host:port (":8080" means 127.0.0.1:8080)

Global Flags:
      --color string      colorize output: auto, always, or never (default auto)
      --endpoint string   qURL API endpoint (default https://api.layerv.ai)
  -o, --output string     output format: text or json (default text)
      --profile string    configuration profile name
  -q, --quiet             print only the primary value, one per line
  -v, --verbose           print request diagnostics on stderr
