[31m[1mError:[0m this target is already published as a private resource, but access requests could not be turned on for it

  the resource is being changed; try again

  [2mHint: to try again, run `qurl requests qhtpthw4qt7wkw7khghr6x3z4hsfyn4zbuyhnee4i6bi67yu6yytgvwdbb4q --on`, or run this command again.[0m
  [2mRequest ID: req_test[0m
