[1mCRID:[0m                 qhtpthw4qt7wkw7khghr6x3z4hsfyn4zbuyhnee4i6bi67yu6yytgvwdbb4q
[1mTarget:[0m               https://example.com/data
[1mType:[0m                 url
[1mStatus:[0m               active
[1mPrivate:[0m              true
[1mAccess requests:[0m      off
[1mAllowed device keys:[0m  [cHBwcHBwcHBwcHBwcHBwcHBwcHBwcHBwcHBwcHBwcHA=]
[1mApproved people:[0m      none
[1mPublisher:[0m            "Acme Docs" — [1m[33mUNVERIFIED[0m (self-declared name, not confirmed by LayerV)
[1mCreated:[0m              2026-03-01 (1d ago)
