CRID:                 qhtpthw4qt7wkw7khghr6x3z4hsfyn4zbuyhnee4i6bi67yu6yytgvwdbb4q
Target:               https://example.com/data
Type:                 url
Status:               active
Private:              true
Access requests:      on
Allowed device keys:  [cHBwcHBwcHBwcHBwcHBwcHBwcHBwcHBwcHBwcHBwcHA=]
Approved people:      2
Publisher:            "Acme Docs" — UNVERIFIED (self-declared name, not confirmed by LayerV)
Created:              2026-03-01 (1d ago)

Approved people:
  NAME           DEVICE ID            APPROVED
  "Ana Lopez"    abcd-efgh-2345-mnop  2026-03-01 (12h ago)
  no name given  qrst-uvwx-yz67-abcd  2026-03-01 (12h ago)

Take one person's access away with `qurl grants qhtpthw4qt7wkw7khghr6x3z4hsfyn4zbuyhnee4i6bi67yu6yytgvwdbb4q --remove <device id>`.
