[1mCRID:[0m                 qhtpthw4qt7wkw7khghr6x3z4hsfyn4zbuyhnee4i6bi67yu6yytgvwdbb4q
[1mTarget:[0m               https://example.com/data
[1mType:[0m                 url
[1mStatus:[0m               active
[1mPrivate:[0m              true
[1mAccess requests:[0m      on
[1mAllowed device keys:[0m  [cHBwcHBwcHBwcHBwcHBwcHBwcHBwcHBwcHBwcHBwcHA=]
[1mApproved people:[0m      2
[1mPublisher:[0m            "Acme Docs" — [1m[33mUNVERIFIED[0m (self-declared name, not confirmed by LayerV)
[1mCreated:[0m              2026-03-01 (1d ago)

[1mApproved people:[0m
  NAME           DEVICE ID            APPROVED
  "Ana Lopez"    abcd-efgh-2345-mnop  2026-03-01 (12h ago)
  no name given  qrst-uvwx-yz67-abcd  2026-03-01 (12h ago)

Take one person's access away with `qurl grants qhtpthw4qt7wkw7khghr6x3z4hsfyn4zbuyhnee4i6bi67yu6yytgvwdbb4q --remove <device id>`.
