{
  "resources": [
    {
      "crid": "qhtpthw4qt7wkw7khghr6x3z4hsfyn4zbuyhnee4i6bi67yu6yytgvwdbb4q",
      "resource_id": "MFkwEwYHKoZIzj0CAQYIKoZIzj0DAQcDQgAE155W1ele0q0AK_YFZnQqzfhJLxqLgHaG3B5rXzPO87WZlnYa5TWlrbIO2C6ALvLxT7zaFWm9fc8PCklq1v4arg",
      "target_url": "https://example.com/data",
      "type": "url",
      "status": "active",
      "description": "example data drop",
      "tags": [
        "demo",
        "fixture"
      ],
      "created_at": "2026-03-01T00:00:00Z"
    }
  ],
  "has_more": false
}
