Published

  Target:       https://example.com/data
  Resource ID:  MFkwEwYHKoZIzj0CAQYIKoZIzj0DAQcDQgAE155W1ele0q0AK_YFZnQqzfhJLxqLgHaG3B5rXzPO87WZlnYa5TWlrbIO2C6ALvLxT7zaFWm9fc8PCklq1v4arg
  Status:       active
  Created:      1d ago

CRID: qhtpthw4qt7wkw7khghr6x3z4hsfyn4zbuyhnee4i6bi67yu6yytgvwdbb4q
