[32mPublished[0m

  [1mTarget:[0m       https://example.com/data
  [1mResource ID:[0m  MFkwEwYHKoZIzj0CAQYIKoZIzj0DAQcDQgAE155W1ele0q0AK_YFZnQqzfhJLxqLgHaG3B5rXzPO87WZlnYa5TWlrbIO2C6ALvLxT7zaFWm9fc8PCklq1v4arg
  [1mStatus:[0m       active
  [1mCreated:[0m      1d ago

[1mCRID:[0m qhtpthw4qt7wkw7khghr6x3z4hsfyn4zbuyhnee4i6bi67yu6yytgvwdbb4q
