NAME          DEVICE ID            REQUESTED  EXPIRES
"Sam Okafor"  qrst-uvwx-yz67-abcd  2m ago     in 58m
"Ana Lopez"   abcd-efgh-2345-mnop  2m ago     in 58m

To let one of these people in, ask them for the six-digit code on their screen and run `qurl approve qhtpthw4qt7wkw7khghr6x3z4hsfyn4zbuyhnee4i6bi67yu6yytgvwdbb4q <code>`; a name can be typed by anyone, and a code shows only that it came from the screen that asked, so approve a code only when the person you mean to let in gave it to you themselves, in a way you know it is them (in person, on a call, or in a conversation you already have with them).
